../../Drivers/CMSIS/Include/core_cm7.h:2660:26:ITM_SendChar	16	static,ignoring_inline_asm
../Core/Src/syscalls.c:45:6:initialise_monitor_handles	4	static
../Core/Src/syscalls.c:49:5:_getpid	4	static
../Core/Src/syscalls.c:54:5:_kill	16	static
../Core/Src/syscalls.c:62:6:_exit	16	static
../Core/Src/syscalls.c:68:27:_read	32	static
../Core/Src/syscalls.c:81:27:_write	32	static
../Core/Src/syscalls.c:92:5:_close	16	static
../Core/Src/syscalls.c:99:5:_fstat	16	static
../Core/Src/syscalls.c:106:5:_isatty	16	static
../Core/Src/syscalls.c:112:5:_lseek	24	static
../Core/Src/syscalls.c:120:5:_open	12	static
../Core/Src/syscalls.c:128:5:_wait	16	static
../Core/Src/syscalls.c:135:5:_unlink	16	static
../Core/Src/syscalls.c:142:5:_times	16	static
../Core/Src/syscalls.c:148:5:_stat	16	static
../Core/Src/syscalls.c:155:5:_link	16	static
../Core/Src/syscalls.c:163:5:_fork	8	static
../Core/Src/syscalls.c:169:5:_execve	24	static
